
Running 1 test using 1 worker


node.exe : 
[1A[2K[2m[WebServer] [22m
[baseline-browser-mapping] 
The data in this module is 
over two months old.  To 
ensure accurate Baseline 
data, please update: `npm i b
aseline-browser-mapping@lates
t -D`
At F:\Softwares\nodejs\npx.ps
1:29 char:3
+   & $NODE_EXE $NPX_CLI_JS 
$args
+   
~~~~~~~~~~~~~~~~~~~~~~~~~~~~~
    + CategoryInfo           
   : NotSpecified: ([1A[2  
  K[2m[We...ping@latest -   
 D`:String) [], RemoteExc    
eption
    + FullyQualifiedErrorId  
   : NativeCommandError
 
[1A[2K[1/1] [chromium] › e2e\pediatrics.spec.ts:3:1 › Pediatrics Dashboard Integration
[1A[2K[2m[WebServer] [22m
[33m[vite:css][postcss] 
@import must precede all 
other statements (besides 
@charset or empty @layer)
[2m[WebServer] [22m8616 |  
  }
[2m[WebServer] [22m8617 |  
}
[2m[WebServer] [22m8618 |  
@import url('https://fonts.go
ogleapis.com/css2?family=Plus
+Jakarta+Sans:wght@300;400;50
0;600;700;800&family=Outfit:w
g...
[2m[WebServer] [22m     |  
^^^^^^^^^^^^^^^^^^^^^^^^^^^^^
^^^^^^^^^^^^^^^^^^^^^^^^^^^^^
^^^^^^^^^^^^^^^^^^^^^^^^^^^^^
^^^^^^^^^^^^^^^^^^^^^^^^^^^^^
^^^^
[2m[WebServer] [22m8619 |  
:root {
[2m[WebServer] [22m8620 |  
  --color-primary: 
#0969da;[39m

[1A[2K  1) [chromium] › e2e\pediatrics.spec.ts:3:1 › Pediatrics Dashboard Integration ────────────────────

    Error: [2mexpect([22m[31mlocator[39m[2m).[22mtoBeVisible[2m([22m[2m)[22m failed

    Locator: locator('input[type="email"]')
    Expected: visible
    Error: strict mode violation: locator('input[type="email"]') resolved to 2 elements:
        1) <input value="" required="" type="email" class="w-full pr-12 text-xs" placeholder="email@hospital.com"/> aka getByRole('textbox', { name: 'email@hospital.com' })
        2) <input value="" id="email" required="" type="email" autocomplete="email" placeholder="your.email@intelligent-health.com" class="block w-full px-4 py-3 bg-white/40 dark:bg-slate-900/40 border border-slate-200 dark:border-slate-700 rounded-xl shadow-sm focus:outline-none focus:ring-2 focus:ring-primary/50 transition-all text-sm font-medium text-text-main placeholder-slate-400 font-sans"/> aka getByRole('textbox', { name: 'Email', exact: true })

    Call log:
    [2m  - Expect "toBeVisible" with timeout 5000ms[22m
    [2m  - waiting for locator('input[type="email"]')[22m


      75 |     // Fill Form
      76 |     // Check if we are inside the modal
    > 77 |     await expect(page.locator('input[type="email"]')).toBeVisible();
         |                                                       ^
      78 |
      79 |     await page.locator('input[type="email"]').fill('parent@example.com');
      80 |     await page.locator('input[type="password"]').fill('password123');
        at F:\PROJECTS\Inteligent Health\e2e\pediatrics.spec.ts:77:55

    Error Context: test-results\pediatrics-Pediatrics-Dashboard-Integration-chromium\error-context.md


[1A[2K  1 failed
    [chromium] › e2e\pediatrics.spec.ts:3:1 › Pediatrics Dashboard Integration ─────────────────────

[36m  Serving HTML report at http://localhost:56285. Press Ctrl+C to quit.[39m
