components/case/AgentsConsole.tsx(14,71): error TS2339: Property 'microscope' does not exist on type '{ user: Element; case: Element; ai: Element; money: Element; logout: Element; plus: Element; upload: Element; send: Element; ... 23 more ...; moon: Element; }'.
components/case/AgentsConsole.tsx(16,76): error TS2339: Property 'billing' does not exist on type '{ user: Element; case: Element; ai: Element; money: Element; logout: Element; plus: Element; upload: Element; send: Element; ... 23 more ...; moon: Element; }'.
components/case/AgentsConsole.tsx(17,73): error TS2339: Property 'billing' does not exist on type '{ user: Element; case: Element; ai: Element; money: Element; logout: Element; plus: Element; upload: Element; send: Element; ... 23 more ...; moon: Element; }'.
components/case/AgentsConsole.tsx(18,76): error TS2339: Property 'activity' does not exist on type '{ user: Element; case: Element; ai: Element; money: Element; logout: Element; plus: Element; upload: Element; send: Element; ... 23 more ...; moon: Element; }'.
components/case/AgentsConsole.tsx(21,71): error TS2339: Property 'nurse' does not exist on type '{ user: Element; case: Element; ai: Element; money: Element; logout: Element; plus: Element; upload: Element; send: Element; ... 23 more ...; moon: Element; }'.
components/case/AgentsConsole.tsx(139,84): error TS2551: Property 'users' does not exist on type '{ user: Element; case: Element; ai: Element; money: Element; logout: Element; plus: Element; upload: Element; send: Element; ... 23 more ...; moon: Element; }'. Did you mean 'user'?
components/ImageAnalysis.tsx(77,59): error TS2345: Argument of type '{ data: string; mimeType: string; }' is not assignable to parameter of type 'File'.
  Type '{ data: string; mimeType: string; }' is missing the following properties from type 'File': lastModified, name, webkitRelativePath, size, and 6 more.
